EN multiplexer NULL C:/Users/JFPS/Documents/GitHub/VHDLultimate/SE/VHDLAdderMultiplier/Multiplexer.vhd sub00/vhpl06 1500746420
EN adder NULL C:/Users/JFPS/Documents/GitHub/VHDLultimate/SE/VHDLAdderMultiplier/full1.vhd sub00/vhpl02 1500746401
EN cla NULL C:/Users/JFPS/Documents/GitHub/VHDLultimate/SE/VHDLAdderMultiplier/CLA.vhd sub00/vhpl04 1500746403
EN halfadder NULL C:/Users/JFPS/Documents/GitHub/VHDLultimate/SE/VHDLAdderMultiplier/half.vhd sub00/vhpl00 1500746399
EN multiplexer8 NULL C:/Users/JFPS/Documents/GitHub/VHDLultimate/SE/VHDLAdderMultiplier/Multiplexer8.vhd sub00/vhpl08 1500746422
AR multiplexer8 behavioral C:/Users/JFPS/Documents/GitHub/VHDLultimate/SE/VHDLAdderMultiplier/Multiplexer8.vhd sub00/vhpl09 1500746423
AR cla behavioral C:/Users/JFPS/Documents/GitHub/VHDLultimate/SE/VHDLAdderMultiplier/CLA.vhd sub00/vhpl05 1500746404
AR adder behavioral C:/Users/JFPS/Documents/GitHub/VHDLultimate/SE/VHDLAdderMultiplier/full1.vhd sub00/vhpl03 1500746402
AR halfadder behavioral C:/Users/JFPS/Documents/GitHub/VHDLultimate/SE/VHDLAdderMultiplier/half.vhd sub00/vhpl01 1500746400
AR multiplexer behavioral C:/Users/JFPS/Documents/GitHub/VHDLultimate/SE/VHDLAdderMultiplier/Multiplexer.vhd sub00/vhpl07 1500746421
