V3 18
FL C:/Users/JFPS/Documents/GitHub/VHDLultimate/SE/VHDLAdderMultiplier/CLA.vhd 2017/07/21.23:50:04 P.20131013
EN work/CLA 1500746403 \
      FL C:/Users/JFPS/Documents/GitHub/VHDLultimate/SE/VHDLAdderMultiplier/CLA.vhd \
      PB ieee/std_logic_1164 1381692176
AR work/CLA/Behavioral 1500746404 \
      FL C:/Users/JFPS/Documents/GitHub/VHDLultimate/SE/VHDLAdderMultiplier/CLA.vhd \
      EN work/CLA 1500746403 CP Adder
FL C:/Users/JFPS/Documents/GitHub/VHDLultimate/SE/VHDLAdderMultiplier/full1.vhd 2017/07/21.23:45:45 P.20131013
EN work/Adder 1500746401 \
      FL C:/Users/JFPS/Documents/GitHub/VHDLultimate/SE/VHDLAdderMultiplier/full1.vhd \
      PB ieee/std_logic_1164 1381692176
AR work/Adder/Behavioral 1500746402 \
      FL C:/Users/JFPS/Documents/GitHub/VHDLultimate/SE/VHDLAdderMultiplier/full1.vhd \
      EN work/Adder 1500746401 CP HalfAdder
FL C:/Users/JFPS/Documents/GitHub/VHDLultimate/SE/VHDLAdderMultiplier/half.vhd 2017/07/21.23:46:18 P.20131013
EN work/HalfAdder 1500746399 \
      FL C:/Users/JFPS/Documents/GitHub/VHDLultimate/SE/VHDLAdderMultiplier/half.vhd \
      PB ieee/std_logic_1164 1381692176
AR work/HalfAdder/Behavioral 1500746400 \
      FL C:/Users/JFPS/Documents/GitHub/VHDLultimate/SE/VHDLAdderMultiplier/half.vhd \
      EN work/HalfAdder 1500746399
FL C:/Users/JFPS/Documents/GitHub/VHDLultimate/SE/VHDLAdderMultiplier/Multiplexer.vhd 2017/07/21.21:17:29 P.20131013
EN work/Multiplexer 1500746420 \
      FL C:/Users/JFPS/Documents/GitHub/VHDLultimate/SE/VHDLAdderMultiplier/Multiplexer.vhd \
      PB ieee/std_logic_1164 1381692176
AR work/Multiplexer/Behavioral 1500746421 \
      FL C:/Users/JFPS/Documents/GitHub/VHDLultimate/SE/VHDLAdderMultiplier/Multiplexer.vhd \
      EN work/Multiplexer 1500746420
FL C:/Users/JFPS/Documents/GitHub/VHDLultimate/SE/VHDLAdderMultiplier/Multiplexer8.vhd 2017/07/21.21:18:50 P.20131013
EN work/Multiplexer8 1500746422 \
      FL C:/Users/JFPS/Documents/GitHub/VHDLultimate/SE/VHDLAdderMultiplier/Multiplexer8.vhd \
      PB ieee/std_logic_1164 1381692176
AR work/Multiplexer8/Behavioral 1500746423 \
      FL C:/Users/JFPS/Documents/GitHub/VHDLultimate/SE/VHDLAdderMultiplier/Multiplexer8.vhd \
      EN work/Multiplexer8 1500746422 CP Multiplexer
